{"logTime": "0801/074321", "correlationVector":"qLUV35W5C0uGyO8AFumrpv.1","action":"SyncServerConnectionManagerRequest", "result":"SYNC_SERVER_OK", "context":{"environment":"Prod_southeastasia_prod-s01-064-apac-southeastasia", "migrationStage":"NotStarted", "server":"akswtt002000012"}}
{"logTime": "0801/074321", "correlationVector":"qLUV35W5C0uGyO8AFumrpv.2","action":"ProcessGetUpdates", "result":"Done", "context":{"dataType":"Encryption Keys", "deleted":"0", "process_failed_to_decrypt":"0", "process_pending_decryption":"0", "process_success":"1", "total":"1"}}
{"logTime": "0801/074322", "correlationVector":"BsgTOIUdNmdqQkL0d/SmKB","action":"SyncServerConnectionManagerRequest", "result":"SYNC_SERVER_OK", "context":{"environment":"", "migrationStage":"", "server":""}}
{"logTime": "0801/074322", "correlationVector":"BsgTOIUdNmdqQkL0d/SmKB.0","action":"EncryptionKeysFetcher.DownloadKeys:", "result":"Success", "context":Key count: 2, Last key timestamp: 2026-02-15T09:23:25Z}
{"logTime": "0801/074322", "correlationVector":"BsgTOIUdNmdqQkL0d/SmKB.1","action":"EncryptionKeysManager::SetEncryptionKeys:", "result":"Success", "context":Key names[2]:[4OoquzhDWpsZ4tp0Fzr0uY5CMK9G3XSIp9qS7t6YSLmXUVgV8RzJJdbX1AvPOXkTpC6RvFTUvNJeBcVCNLrqAQ==][Yw4JcKTLEVRKPi3nRMzrj6SG31YXRbpMKMdddFzuqfZJCunAFzTzDCOf4EVoLL9mP1Scg9fRMUGtiaK+7MWkag==]}
{"logTime": "0801/074322", "correlationVector":"BsgTOIUdNmdqQkL0d/SmKB.2","action":"EncryptionKeysManager::SetEncryptionKeysWithTimestamps:", "result":"Success", "context":Key timestamps[2]:[2025-08-18T11:18:08Z][2026-02-15T09:23:25Z]}
{"logTime": "0801/074322", "correlationVector":"qLUV35W5C0uGyO8AFumrpv","action":"Initial GetUpdates", "result":"", "context":Reason: NEW_CLIENT. cV=qLUV35W5C0uGyO8AFumrpv}
{"logTime": "0801/074322", "correlationVector":"qLUV35W5C0uGyO8AFumrpv.3","action":"GetUpdates Response", "result":"Success", "context":Received 1 update(s). cV=qLUV35W5C0uGyO8AFumrpv.0;server=akswtt002000012;cloudType=Consumer;environment=Prod_southeastasia_prod-s01-064-apac-southeastasia;migrationStage=NotStarted}
{"logTime": "0801/074322", "correlationVector":"1Am9yRR5dkOmVx6lVtVTg9","action":"Initial GetUpdates", "result":"", "context":Reason: NEWLY_SUPPORTED_DATATYPE. cV=1Am9yRR5dkOmVx6lVtVTg9}
{"logTime": "0801/074322", "correlationVector":"1Am9yRR5dkOmVx6lVtVTg9.1","action":"SyncServerConnectionManagerRequest", "result":"SYNC_SERVER_OK", "context":{"environment":"Prod_southeastasia_prod-s01-064-apac-southeastasia", "migrationStage":"NotStarted", "server":"akswtt002000016"}}
{"logTime": "0801/074322", "correlationVector":"1Am9yRR5dkOmVx6lVtVTg9.2","action":"ProcessGetUpdates", "result":"Done", "context":{"dataType":"Passwords", "deleted":"3", "process_failed_to_decrypt":"0", "process_pending_decryption":"0", "process_success":"222", "total":"222"}}
{"logTime": "0801/074322", "correlationVector":"1Am9yRR5dkOmVx6lVtVTg9.3","action":"ProcessGetUpdates", "result":"Done", "context":{"dataType":"Device Info", "deleted":"0", "process_failed_to_decrypt":"0", "process_pending_decryption":"0", "process_success":"10", "total":"10"}}
{"logTime": "0801/074322", "correlationVector":"1Am9yRR5dkOmVx6lVtVTg9.4","action":"GetUpdates Response", "result":"Success", "context":Received 232 update(s). cV=1Am9yRR5dkOmVx6lVtVTg9.0;server=akswtt002000016;cloudType=Consumer;environment=Prod_southeastasia_prod-s01-064-apac-southeastasia;migrationStage=NotStarted}
{"logTime": "0801/074322", "correlationVector":"CpK8Ye5t8p0T1rnvrfXTkW","action":"Initial GetUpdates", "result":"", "context":Reason: NEWLY_SUPPORTED_DATATYPE. cV=CpK8Ye5t8p0T1rnvrfXTkW}
{"logTime": "0801/074322", "correlationVector":"CpK8Ye5t8p0T1rnvrfXTkW.1","action":"SyncServerConnectionManagerRequest", "result":"SYNC_SERVER_OK", "context":{"environment":"Prod_southeastasia_prod-s01-064-apac-southeastasia", "migrationStage":"NotStarted", "server":"akswtt00200000t"}}
{"logTime": "0801/074322", "correlationVector":"CpK8Ye5t8p0T1rnvrfXTkW.2","action":"ProcessGetUpdates", "result":"Done", "context":{"dataType":"Bookmarks", "deleted":"0", "process_failed_to_decrypt":"0", "process_pending_decryption":"0", "process_success":"9", "total":"9"}}
{"logTime": "0801/074322", "correlationVector":"CpK8Ye5t8p0T1rnvrfXTkW.3","action":"ProcessGetUpdates", "result":"Done", "context":{"dataType":"Preferences", "deleted":"0", "process_failed_to_decrypt":"0", "process_pending_decryption":"0", "process_success":"38", "total":"38"}}
{"logTime": "0801/074322", "correlationVector":"CpK8Ye5t8p0T1rnvrfXTkW.4","action":"ProcessGetUpdates", "result":"Done", "context":{"dataType":"Autofill", "deleted":"0", "process_failed_to_decrypt":"0", "process_pending_decryption":"0", "process_success":"203", "total":"203"}}
{"logTime": "0801/074322", "correlationVector":"CpK8Ye5t8p0T1rnvrfXTkW.5","action":"GetUpdates Response", "result":"Success", "context":Received 250 update(s). cV=CpK8Ye5t8p0T1rnvrfXTkW.0;server=akswtt00200000t;cloudType=Consumer;environment=Prod_southeastasia_prod-s01-064-apac-southeastasia;migrationStage=NotStarted Some updates remain.}
{"logTime": "0801/074322", "correlationVector":"LgqRsiviXF0m2Ev16QZWXV","action":"Initial GetUpdates", "result":"", "context":Reason: NEWLY_SUPPORTED_DATATYPE. cV=LgqRsiviXF0m2Ev16QZWXV}
{"logTime": "0801/074323", "correlationVector":"LgqRsiviXF0m2Ev16QZWXV.1","action":"SyncServerConnectionManagerRequest", "result":"SYNC_SERVER_OK", "context":{"environment":"Prod_southeastasia_prod-s01-064-apac-southeastasia", "migrationStage":"NotStarted", "server":"akswtt00200001c"}}
{"logTime": "0801/074323", "correlationVector":"LgqRsiviXF0m2Ev16QZWXV.2","action":"ProcessGetUpdates", "result":"Done", "context":{"dataType":"Autofill", "deleted":"0", "process_failed_to_decrypt":"0", "process_pending_decryption":"0", "process_success":"250", "total":"250"}}
{"logTime": "0801/074323", "correlationVector":"LgqRsiviXF0m2Ev16QZWXV.3","action":"GetUpdates Response", "result":"Success", "context":Received 250 update(s). cV=LgqRsiviXF0m2Ev16QZWXV.0;server=akswtt00200001c;cloudType=Consumer;environment=Prod_southeastasia_prod-s01-064-apac-southeastasia;migrationStage=NotStarted Some updates remain.}
{"logTime": "0801/074323", "correlationVector":"ENWa6Ti0nMmzmN92TdkKTA","action":"Initial GetUpdates", "result":"", "context":Reason: NEWLY_SUPPORTED_DATATYPE. cV=ENWa6Ti0nMmzmN92TdkKTA}
{"logTime": "0801/074323", "correlationVector":"ENWa6Ti0nMmzmN92TdkKTA.1","action":"SyncServerConnectionManagerRequest", "result":"SYNC_SERVER_OK", "context":{"environment":"Prod_southeastasia_prod-s01-064-apac-southeastasia", "migrationStage":"NotStarted", "server":"akswtt00200000v"}}
{"logTime": "0801/074323", "correlationVector":"ENWa6Ti0nMmzmN92TdkKTA.2","action":"ProcessGetUpdates", "result":"Done", "context":{"dataType":"Bookmarks", "deleted":"1", "process_failed_to_decrypt":"0", "process_pending_decryption":"0", "process_success":"1", "total":"1"}}
{"logTime": "0801/074323", "correlationVector":"ENWa6Ti0nMmzmN92TdkKTA.3","action":"ProcessGetUpdates", "result":"Done", "context":{"dataType":"Autofill", "deleted":"0", "process_failed_to_decrypt":"0", "process_pending_decryption":"0", "process_success":"249", "total":"249"}}
{"logTime": "0801/074323", "correlationVector":"ENWa6Ti0nMmzmN92TdkKTA.4","action":"GetUpdates Response", "result":"Success", "context":Received 250 update(s). cV=ENWa6Ti0nMmzmN92TdkKTA.0;server=akswtt00200000v;cloudType=Consumer;environment=Prod_southeastasia_prod-s01-064-apac-southeastasia;migrationStage=NotStarted Some updates remain.}
{"logTime": "0801/074323", "correlationVector":"5okLcQHBJftRIOTvMO2Om8","action":"Initial GetUpdates", "result":"", "context":Reason: NEWLY_SUPPORTED_DATATYPE. cV=5okLcQHBJftRIOTvMO2Om8}
{"logTime": "0801/074324", "correlationVector":"5okLcQHBJftRIOTvMO2Om8.1","action":"SyncServerConnectionManagerRequest", "result":"SYNC_SERVER_OK", "context":{"environment":"Prod_southeastasia_prod-s01-064-apac-southeastasia", "migrationStage":"NotStarted", "server":"akswtt002000010"}}
{"logTime": "0801/074324", "correlationVector":"5okLcQHBJftRIOTvMO2Om8.2","action":"ProcessGetUpdates", "result":"Done", "context":{"dataType":"Autofill", "deleted":"0", "process_failed_to_decrypt":"0", "process_pending_decryption":"0", "process_success":"244", "total":"244"}}
{"logTime": "0801/074324", "correlationVector":"5okLcQHBJftRIOTvMO2Om8.3","action":"ProcessGetUpdates", "result":"Done", "context":{"dataType":"Saved Tab Group", "deleted":"6", "process_failed_to_decrypt":"0", "process_pending_decryption":"0", "process_success":"6", "total":"6"}}
{"logTime": "0801/074324", "correlationVector":"5okLcQHBJftRIOTvMO2Om8.4","action":"GetUpdates Response", "result":"Success", "context":Received 250 update(s). cV=5okLcQHBJftRIOTvMO2Om8.0;server=akswtt002000010;cloudType=Consumer;environment=Prod_southeastasia_prod-s01-064-apac-southeastasia;migrationStage=NotStarted Some updates remain.}
{"logTime": "0801/074324", "correlationVector":"dRAr+OKYeR3xkkvfTjBmQr","action":"Initial GetUpdates", "result":"", "context":Reason: NEWLY_SUPPORTED_DATATYPE. cV=dRAr+OKYeR3xkkvfTjBmQr}
{"logTime": "0801/074324", "correlationVector":"dRAr+OKYeR3xkkvfTjBmQr.1","action":"SyncServerConnectionManagerRequest", "result":"SYNC_SERVER_OK", "context":{"environment":"Prod_southeastasia_prod-s01-064-apac-southeastasia", "migrationStage":"NotStarted", "server":"akswtt002000012"}}
{"logTime": "0801/074324", "correlationVector":"dRAr+OKYeR3xkkvfTjBmQr.2","action":"ProcessGetUpdates", "result":"Done", "context":{"dataType":"Preferences", "deleted":"0", "process_failed_to_decrypt":"0", "process_pending_decryption":"0", "process_success":"5", "total":"5"}}
{"logTime": "0801/074324", "correlationVector":"dRAr+OKYeR3xkkvfTjBmQr.3","action":"ProcessGetUpdates", "result":"Done", "context":{"dataType":"Autofill", "deleted":"0", "process_failed_to_decrypt":"0", "process_pending_decryption":"0", "process_success":"239", "total":"239"}}
{"logTime": "0801/074324", "correlationVector":"dRAr+OKYeR3xkkvfTjBmQr.4","action":"ProcessGetUpdates", "result":"Done", "context":{"dataType":"Extensions", "deleted":"0", "process_failed_to_decrypt":"0", "process_pending_decryption":"0", "process_success":"1", "total":"1"}}
{"logTime": "0801/074324", "correlationVector":"dRAr+OKYeR3xkkvfTjBmQr.5","action":"ProcessGetUpdates", "result":"Done", "context":{"dataType":"Extension settings", "deleted":"0", "process_failed_to_decrypt":"0", "process_pending_decryption":"0", "process_success":"3", "total":"3"}}
{"logTime": "0801/074324", "correlationVector":"dRAr+OKYeR3xkkvfTjBmQr.6","action":"ProcessGetUpdates", "result":"Done", "context":{"dataType":"Saved Tab Group", "deleted":"2", "process_failed_to_decrypt":"0", "process_pending_decryption":"0", "process_success":"2", "total":"2"}}
{"logTime": "0801/074324", "correlationVector":"dRAr+OKYeR3xkkvfTjBmQr.7","action":"GetUpdates Response", "result":"Success", "context":Received 250 update(s). cV=dRAr+OKYeR3xkkvfTjBmQr.0;server=akswtt002000012;cloudType=Consumer;environment=Prod_southeastasia_prod-s01-064-apac-southeastasia;migrationStage=NotStarted Some updates remain.}
{"logTime": "0801/074324", "correlationVector":"4MKC+GTBjZzOTw5B+XiuKd","action":"Initial GetUpdates", "result":"", "context":Reason: NEWLY_SUPPORTED_DATATYPE. cV=4MKC+GTBjZzOTw5B+XiuKd}
{"logTime": "0801/074325", "correlationVector":"4MKC+GTBjZzOTw5B+XiuKd.1","action":"SyncServerConnectionManagerRequest", "result":"SYNC_SERVER_OK", "context":{"environment":"Prod_southeastasia_prod-s01-064-apac-southeastasia", "migrationStage":"NotStarted", "server":"akswtt00200001c"}}
{"logTime": "0801/074325", "correlationVector":"4MKC+GTBjZzOTw5B+XiuKd.2","action":"ProcessGetUpdates", "result":"Done", "context":{"dataType":"Preferences", "deleted":"0", "process_failed_to_decrypt":"0", "process_pending_decryption":"0", "process_success":"2", "total":"2"}}
{"logTime": "0801/074325", "correlationVector":"4MKC+GTBjZzOTw5B+XiuKd.3","action":"ProcessGetUpdates", "result":"Done", "context":{"dataType":"Autofill", "deleted":"0", "process_failed_to_decrypt":"0", "process_pending_decryption":"0", "process_success":"243", "total":"243"}}
{"logTime": "0801/074325", "correlationVector":"4MKC+GTBjZzOTw5B+XiuKd.4","action":"ProcessGetUpdates", "result":"Done", "context":{"dataType":"Saved Tab Group", "deleted":"2", "process_failed_to_decrypt":"0", "process_pending_decryption":"0", "process_success":"2", "total":"2"}}
{"logTime": "0801/074325", "correlationVector":"4MKC+GTBjZzOTw5B+XiuKd.5","action":"ProcessGetUpdates", "result":"Done", "context":{"dataType":"WebAuthn Credentials", "deleted":"0", "process_failed_to_decrypt":"0", "process_pending_decryption":"0", "process_success":"3", "total":"3"}}
{"logTime": "0801/074325", "correlationVector":"4MKC+GTBjZzOTw5B+XiuKd.6","action":"GetUpdates Response", "result":"Success", "context":Received 250 update(s). cV=4MKC+GTBjZzOTw5B+XiuKd.0;server=akswtt00200001c;cloudType=Consumer;environment=Prod_southeastasia_prod-s01-064-apac-southeastasia;migrationStage=NotStarted Some updates remain.}
{"logTime": "0801/074325", "correlationVector":"vv/nv7ZpE6iBwWQP2ilKx3","action":"Initial GetUpdates", "result":"", "context":Reason: NEWLY_SUPPORTED_DATATYPE. cV=vv/nv7ZpE6iBwWQP2ilKx3}
{"logTime": "0801/074325", "correlationVector":"vv/nv7ZpE6iBwWQP2ilKx3.1","action":"SyncServerConnectionManagerRequest", "result":"SYNC_SERVER_OK", "context":{"environment":"Prod_southeastasia_prod-s01-064-apac-southeastasia", "migrationStage":"NotStarted", "server":"akswtt00200001i"}}
{"logTime": "0801/074325", "correlationVector":"vv/nv7ZpE6iBwWQP2ilKx3.2","action":"ProcessGetUpdates", "result":"Done", "context":{"dataType":"Bookmarks", "deleted":"2", "process_failed_to_decrypt":"0", "process_pending_decryption":"0", "process_success":"3", "total":"3"}}
{"logTime": "0801/074325", "correlationVector":"vv/nv7ZpE6iBwWQP2ilKx3.3","action":"ProcessGetUpdates", "result":"Done", "context":{"dataType":"Preferences", "deleted":"0", "process_failed_to_decrypt":"0", "process_pending_decryption":"0", "process_success":"2", "total":"2"}}
{"logTime": "0801/074325", "correlationVector":"vv/nv7ZpE6iBwWQP2ilKx3.4","action":"ProcessGetUpdates", "result":"Done", "context":{"dataType":"Autofill", "deleted":"0", "process_failed_to_decrypt":"0", "process_pending_decryption":"0", "process_success":"240", "total":"240"}}
{"logTime": "0801/074325", "correlationVector":"vv/nv7ZpE6iBwWQP2ilKx3.5","action":"ProcessGetUpdates", "result":"Done", "context":{"dataType":"Saved Tab Group", "deleted":"3", "process_failed_to_decrypt":"0", "process_pending_decryption":"0", "process_success":"3", "total":"3"}}
{"logTime": "0801/074325", "correlationVector":"vv/nv7ZpE6iBwWQP2ilKx3.6","action":"ProcessGetUpdates", "result":"Done", "context":{"dataType":"WebAuthn Credentials", "deleted":"0", "process_failed_to_decrypt":"0", "process_pending_decryption":"0", "process_success":"2", "total":"2"}}
{"logTime": "0801/074325", "correlationVector":"vv/nv7ZpE6iBwWQP2ilKx3.7","action":"GetUpdates Response", "result":"Success", "context":Received 250 update(s). cV=vv/nv7ZpE6iBwWQP2ilKx3.0;server=akswtt00200001i;cloudType=Consumer;environment=Prod_southeastasia_prod-s01-064-apac-southeastasia;migrationStage=NotStarted Some updates remain.}
{"logTime": "0801/074325", "correlationVector":"RGFX1KWA0RFxWlrWoHJ30d","action":"Initial GetUpdates", "result":"", "context":Reason: NEWLY_SUPPORTED_DATATYPE. cV=RGFX1KWA0RFxWlrWoHJ30d}
{"logTime": "0801/074326", "correlationVector":"RGFX1KWA0RFxWlrWoHJ30d.1","action":"SyncServerConnectionManagerRequest", "result":"SYNC_SERVER_OK", "context":{"environment":"Prod_southeastasia_prod-s01-064-apac-southeastasia", "migrationStage":"NotStarted", "server":"akswtt002000003"}}
{"logTime": "0801/074326", "correlationVector":"RGFX1KWA0RFxWlrWoHJ30d.2","action":"ProcessGetUpdates", "result":"Done", "context":{"dataType":"Bookmarks", "deleted":"1", "process_failed_to_decrypt":"0", "process_pending_decryption":"0", "process_success":"2", "total":"2"}}
{"logTime": "0801/074326", "correlationVector":"RGFX1KWA0RFxWlrWoHJ30d.3","action":"ProcessGetUpdates", "result":"Done", "context":{"dataType":"Preferences", "deleted":"0", "process_failed_to_decrypt":"0", "process_pending_decryption":"0", "process_success":"3", "total":"3"}}
{"logTime": "0801/074326", "correlationVector":"RGFX1KWA0RFxWlrWoHJ30d.4","action":"ProcessGetUpdates", "result":"Done", "context":{"dataType":"Autofill", "deleted":"0", "process_failed_to_decrypt":"0", "process_pending_decryption":"0", "process_success":"84", "total":"84"}}
{"logTime": "0801/074326", "correlationVector":"RGFX1KWA0RFxWlrWoHJ30d.5","action":"ProcessGetUpdates", "result":"Done", "context":{"dataType":"Sessions", "deleted":"161", "process_failed_to_decrypt":"0", "process_pending_decryption":"0", "process_success":"161", "total":"161"}}
{"logTime": "0801/074326", "correlationVector":"RGFX1KWA0RFxWlrWoHJ30d.6","action":"GetUpdates Response", "result":"Success", "context":Received 250 update(s). cV=RGFX1KWA0RFxWlrWoHJ30d.0;server=akswtt002000003;cloudType=Consumer;environment=Prod_southeastasia_prod-s01-064-apac-southeastasia;migrationStage=NotStarted Some updates remain.}
{"logTime": "0801/074326", "correlationVector":"OntmtsmfABQxcTAUKtKgL3","action":"Initial GetUpdates", "result":"", "context":Reason: NEWLY_SUPPORTED_DATATYPE. cV=OntmtsmfABQxcTAUKtKgL3}
{"logTime": "0801/074326", "correlationVector":"OntmtsmfABQxcTAUKtKgL3.1","action":"SyncServerConnectionManagerRequest", "result":"SYNC_SERVER_OK", "context":{"environment":"Prod_southeastasia_prod-s01-064-apac-southeastasia", "migrationStage":"NotStarted", "server":"akswtt00200000o"}}
{"logTime": "0801/074326", "correlationVector":"OntmtsmfABQxcTAUKtKgL3.2","action":"ProcessGetUpdates", "result":"Done", "context":{"dataType":"Preferences", "deleted":"0", "process_failed_to_decrypt":"0", "process_pending_decryption":"0", "process_success":"1", "total":"1"}}
{"logTime": "0801/074326", "correlationVector":"OntmtsmfABQxcTAUKtKgL3.3","action":"ProcessGetUpdates", "result":"Done", "context":{"dataType":"Autofill", "deleted":"0", "process_failed_to_decrypt":"0", "process_pending_decryption":"0", "process_success":"39", "total":"39"}}
{"logTime": "0801/074326", "correlationVector":"OntmtsmfABQxcTAUKtKgL3.4","action":"ProcessGetUpdates", "result":"Done", "context":{"dataType":"Sessions", "deleted":"201", "process_failed_to_decrypt":"0", "process_pending_decryption":"0", "process_success":"201", "total":"201"}}
{"logTime": "0801/074326", "correlationVector":"OntmtsmfABQxcTAUKtKgL3.5","action":"ProcessGetUpdates", "result":"Done", "context":{"dataType":"Saved Tab Group", "deleted":"2", "process_failed_to_decrypt":"0", "process_pending_decryption":"0", "process_success":"2", "total":"2"}}
{"logTime": "0801/074326", "correlationVector":"OntmtsmfABQxcTAUKtKgL3.6","action":"ProcessGetUpdates", "result":"Done", "context":{"dataType":"WebAuthn Credentials", "deleted":"0", "process_failed_to_decrypt":"0", "process_pending_decryption":"0", "process_success":"1", "total":"1"}}
{"logTime": "0801/074326", "correlationVector":"OntmtsmfABQxcTAUKtKgL3.7","action":"ProcessGetUpdates", "result":"Done", "context":{"dataType":"Edge Hub App Usage", "deleted":"6", "process_failed_to_decrypt":"0", "process_pending_decryption":"0", "process_success":"6", "total":"6"}}
{"logTime": "0801/074326", "correlationVector":"OntmtsmfABQxcTAUKtKgL3.8","action":"GetUpdates Response", "result":"Success", "context":Received 250 update(s). cV=OntmtsmfABQxcTAUKtKgL3.0;server=akswtt00200000o;cloudType=Consumer;environment=Prod_southeastasia_prod-s01-064-apac-southeastasia;migrationStage=NotStarted Some updates remain.}
{"logTime": "0801/074326", "correlationVector":"8Etr8FctNJCOhO9gk5RS8Y","action":"Initial GetUpdates", "result":"", "context":Reason: NEWLY_SUPPORTED_DATATYPE. cV=8Etr8FctNJCOhO9gk5RS8Y}
{"logTime": "0801/074326", "correlationVector":"8Etr8FctNJCOhO9gk5RS8Y.1","action":"SyncServerConnectionManagerRequest", "result":"SYNC_SERVER_OK", "context":{"environment":"Prod_southeastasia_prod-s01-064-apac-southeastasia", "migrationStage":"NotStarted", "server":"akswtt00200000k"}}
{"logTime": "0801/074326", "correlationVector":"8Etr8FctNJCOhO9gk5RS8Y.2","action":"ProcessGetUpdates", "result":"Done", "context":{"dataType":"Bookmarks", "deleted":"0", "process_failed_to_decrypt":"0", "process_pending_decryption":"0", "process_success":"2", "total":"2"}}
{"logTime": "0801/074326", "correlationVector":"8Etr8FctNJCOhO9gk5RS8Y.3","action":"ProcessGetUpdates", "result":"Done", "context":{"dataType":"Preferences", "deleted":"0", "process_failed_to_decrypt":"0", "process_pending_decryption":"0", "process_success":"3", "total":"3"}}
{"logTime": "0801/074326", "correlationVector":"8Etr8FctNJCOhO9gk5RS8Y.4","action":"ProcessGetUpdates", "result":"Done", "context":{"dataType":"Autofill Profiles", "deleted":"0", "process_failed_to_decrypt":"0", "process_pending_decryption":"0", "process_success":"1", "total":"1"}}
{"logTime": "0801/074326", "correlationVector":"8Etr8FctNJCOhO9gk5RS8Y.5","action":"ProcessGetUpdates", "result":"Done", "context":{"dataType":"Autofill", "deleted":"0", "process_failed_to_decrypt":"0", "process_pending_decryption":"0", "process_success":"51", "total":"51"}}
{"logTime": "0801/074326", "correlationVector":"8Etr8FctNJCOhO9gk5RS8Y.6","action":"ProcessGetUpdates", "result":"Done", "context":{"dataType":"Sessions", "deleted":"193", "process_failed_to_decrypt":"0", "process_pending_decryption":"0", "process_success":"193", "total":"193"}}
{"logTime": "0801/074326", "correlationVector":"8Etr8FctNJCOhO9gk5RS8Y.7","action":"GetUpdates Response", "result":"Success", "context":Received 250 update(s). cV=8Etr8FctNJCOhO9gk5RS8Y.0;server=akswtt00200000k;cloudType=Consumer;environment=Prod_southeastasia_prod-s01-064-apac-southeastasia;migrationStage=NotStarted Some updates remain.}
{"logTime": "0801/074326", "correlationVector":"Ze0m86y5G+2L/+0NpvgKaK","action":"Initial GetUpdates", "result":"", "context":Reason: NEWLY_SUPPORTED_DATATYPE. cV=Ze0m86y5G+2L/+0NpvgKaK}
{"logTime": "0801/074327", "correlationVector":"Ze0m86y5G+2L/+0NpvgKaK.1","action":"SyncServerConnectionManagerRequest", "result":"SYNC_SERVER_OK", "context":{"environment":"Prod_southeastasia_prod-s01-064-apac-southeastasia", "migrationStage":"NotStarted", "server":"akswtt00200000p"}}
{"logTime": "0801/074327", "correlationVector":"Ze0m86y5G+2L/+0NpvgKaK.2","action":"ProcessGetUpdates", "result":"Done", "context":{"dataType":"Bookmarks", "deleted":"1", "process_failed_to_decrypt":"0", "process_pending_decryption":"0", "process_success":"1", "total":"1"}}
{"logTime": "0801/074327", "correlationVector":"Ze0m86y5G+2L/+0NpvgKaK.3","action":"ProcessGetUpdates", "result":"Done", "context":{"dataType":"Autofill Profiles", "deleted":"0", "process_failed_to_decrypt":"0", "process_pending_decryption":"0", "process_success":"1", "total":"1"}}
{"logTime": "0801/074327", "correlationVector":"Ze0m86y5G+2L/+0NpvgKaK.4","action":"ProcessGetUpdates", "result":"Done", "context":{"dataType":"Autofill", "deleted":"0", "process_failed_to_decrypt":"0", "process_pending_decryption":"0", "process_success":"36", "total":"36"}}
{"logTime": "0801/074327", "correlationVector":"Ze0m86y5G+2L/+0NpvgKaK.5","action":"ProcessGetUpdates", "result":"Done", "context":{"dataType":"Sessions", "deleted":"209", "process_failed_to_decrypt":"0", "process_pending_decryption":"0", "process_success":"209", "total":"209"}}
{"logTime": "0801/074327", "correlationVector":"Ze0m86y5G+2L/+0NpvgKaK.6","action":"ProcessGetUpdates", "result":"Done", "context":{"dataType":"Edge Hub App Usage", "deleted":"3", "process_failed_to_decrypt":"0", "process_pending_decryption":"0", "process_success":"3", "total":"3"}}
{"logTime": "0801/074327", "correlationVector":"Ze0m86y5G+2L/+0NpvgKaK.7","action":"GetUpdates Response", "result":"Success", "context":Received 250 update(s). cV=Ze0m86y5G+2L/+0NpvgKaK.0;server=akswtt00200000p;cloudType=Consumer;environment=Prod_southeastasia_prod-s01-064-apac-southeastasia;migrationStage=NotStarted Some updates remain.}
{"logTime": "0801/074327", "correlationVector":"Hj1xLVH+PhNmwDsO+x+ycJ","action":"Initial GetUpdates", "result":"", "context":Reason: NEWLY_SUPPORTED_DATATYPE. cV=Hj1xLVH+PhNmwDsO+x+ycJ}
{"logTime": "0801/074327", "correlationVector":"Hj1xLVH+PhNmwDsO+x+ycJ.1","action":"SyncServerConnectionManagerRequest", "result":"SYNC_SERVER_OK", "context":{"environment":"Prod_southeastasia_prod-s01-064-apac-southeastasia", "migrationStage":"NotStarted", "server":"akswtt002000002"}}
{"logTime": "0801/074327", "correlationVector":"Hj1xLVH+PhNmwDsO+x+ycJ.2","action":"ProcessGetUpdates", "result":"Done", "context":{"dataType":"Autofill", "deleted":"0", "process_failed_to_decrypt":"0", "process_pending_decryption":"0", "process_success":"97", "total":"97"}}
{"logTime": "0801/074327", "correlationVector":"Hj1xLVH+PhNmwDsO+x+ycJ.3","action":"ProcessGetUpdates", "result":"Done", "context":{"dataType":"Sessions", "deleted":"150", "process_failed_to_decrypt":"0", "process_pending_decryption":"0", "process_success":"150", "total":"150"}}
{"logTime": "0801/074327", "correlationVector":"Hj1xLVH+PhNmwDsO+x+ycJ.4","action":"ProcessGetUpdates", "result":"Done", "context":{"dataType":"Edge Hub App Usage", "deleted":"3", "process_failed_to_decrypt":"0", "process_pending_decryption":"0", "process_success":"3", "total":"3"}}
{"logTime": "0801/074327", "correlationVector":"Hj1xLVH+PhNmwDsO+x+ycJ.5","action":"GetUpdates Response", "result":"Success", "context":Received 250 update(s). cV=Hj1xLVH+PhNmwDsO+x+ycJ.0;server=akswtt002000002;cloudType=Consumer;environment=Prod_southeastasia_prod-s01-064-apac-southeastasia;migrationStage=NotStarted Some updates remain.}
{"logTime": "0801/074327", "correlationVector":"85g4Pkxhik3Nn62WETeUOD","action":"Initial GetUpdates", "result":"", "context":Reason: NEWLY_SUPPORTED_DATATYPE. cV=85g4Pkxhik3Nn62WETeUOD}
{"logTime": "0801/074328", "correlationVector":"85g4Pkxhik3Nn62WETeUOD.1","action":"SyncServerConnectionManagerRequest", "result":"SYNC_SERVER_OK", "context":{"environment":"Prod_southeastasia_prod-s01-064-apac-southeastasia", "migrationStage":"NotStarted", "server":"akswtt00200000g"}}
{"logTime": "0801/074328", "correlationVector":"85g4Pkxhik3Nn62WETeUOD.2","action":"ProcessGetUpdates", "result":"Done", "context":{"dataType":"Autofill", "deleted":"0", "process_failed_to_decrypt":"0", "process_pending_decryption":"0", "process_success":"132", "total":"132"}}
{"logTime": "0801/074328", "correlationVector":"85g4Pkxhik3Nn62WETeUOD.3","action":"ProcessGetUpdates", "result":"Done", "context":{"dataType":"Sessions", "deleted":"118", "process_failed_to_decrypt":"0", "process_pending_decryption":"0", "process_success":"118", "total":"118"}}
{"logTime": "0801/074328", "correlationVector":"85g4Pkxhik3Nn62WETeUOD.4","action":"GetUpdates Response", "result":"Success", "context":Received 250 update(s). cV=85g4Pkxhik3Nn62WETeUOD.0;server=akswtt00200000g;cloudType=Consumer;environment=Prod_southeastasia_prod-s01-064-apac-southeastasia;migrationStage=NotStarted Some updates remain.}
{"logTime": "0801/074328", "correlationVector":"9rEIfbt2gjdt8gjf4Oh1Wt","action":"Initial GetUpdates", "result":"", "context":Reason: NEWLY_SUPPORTED_DATATYPE. cV=9rEIfbt2gjdt8gjf4Oh1Wt}
{"logTime": "0801/074328", "correlationVector":"9rEIfbt2gjdt8gjf4Oh1Wt.1","action":"SyncServerConnectionManagerRequest", "result":"SYNC_SERVER_OK", "context":{"environment":"Prod_southeastasia_prod-s01-064-apac-southeastasia", "migrationStage":"NotStarted", "server":"akswtt002000006"}}
{"logTime": "0801/074328", "correlationVector":"9rEIfbt2gjdt8gjf4Oh1Wt.2","action":"ProcessGetUpdates", "result":"Done", "context":{"dataType":"Bookmarks", "deleted":"0", "process_failed_to_decrypt":"0", "process_pending_decryption":"0", "process_success":"1", "total":"1"}}
{"logTime": "0801/074328", "correlationVector":"9rEIfbt2gjdt8gjf4Oh1Wt.3","action":"ProcessGetUpdates", "result":"Done", "context":{"dataType":"Autofill", "deleted":"0", "process_failed_to_decrypt":"0", "process_pending_decryption":"0", "process_success":"54", "total":"54"}}
{"logTime": "0801/074328", "correlationVector":"9rEIfbt2gjdt8gjf4Oh1Wt.4","action":"ProcessGetUpdates", "result":"Done", "context":{"dataType":"Sessions", "deleted":"195", "process_failed_to_decrypt":"0", "process_pending_decryption":"0", "process_success":"195", "total":"195"}}
{"logTime": "0801/074328", "correlationVector":"9rEIfbt2gjdt8gjf4Oh1Wt.5","action":"GetUpdates Response", "result":"Success", "context":Received 250 update(s). cV=9rEIfbt2gjdt8gjf4Oh1Wt.0;server=akswtt002000006;cloudType=Consumer;environment=Prod_southeastasia_prod-s01-064-apac-southeastasia;migrationStage=NotStarted Some updates remain.}
{"logTime": "0801/074328", "correlationVector":"moWmWETt+4s4tExSvjfFqR","action":"Initial GetUpdates", "result":"", "context":Reason: NEWLY_SUPPORTED_DATATYPE. cV=moWmWETt+4s4tExSvjfFqR}
{"logTime": "0801/074328", "correlationVector":"moWmWETt+4s4tExSvjfFqR.1","action":"SyncServerConnectionManagerRequest", "result":"SYNC_SERVER_OK", "context":{"environment":"Prod_southeastasia_prod-s01-064-apac-southeastasia", "migrationStage":"NotStarted", "server":"akswtt00200000b"}}
{"logTime": "0801/074328", "correlationVector":"moWmWETt+4s4tExSvjfFqR.2","action":"ProcessGetUpdates", "result":"Done", "context":{"dataType":"Preferences", "deleted":"0", "process_failed_to_decrypt":"0", "process_pending_decryption":"0", "process_success":"1", "total":"1"}}
{"logTime": "0801/074328", "correlationVector":"moWmWETt+4s4tExSvjfFqR.3","action":"ProcessGetUpdates", "result":"Done", "context":{"dataType":"Autofill", "deleted":"0", "process_failed_to_decrypt":"0", "process_pending_decryption":"0", "process_success":"40", "total":"40"}}
{"logTime": "0801/074328", "correlationVector":"moWmWETt+4s4tExSvjfFqR.4","action":"ProcessGetUpdates", "result":"Done", "context":{"dataType":"Sessions", "deleted":"202", "process_failed_to_decrypt":"0", "process_pending_decryption":"0", "process_success":"202", "total":"202"}}
{"logTime": "0801/074328", "correlationVector":"moWmWETt+4s4tExSvjfFqR.5","action":"ProcessGetUpdates", "result":"Done", "context":{"dataType":"Edge Hub App Usage", "deleted":"3", "process_failed_to_decrypt":"0", "process_pending_decryption":"0", "process_success":"7", "total":"7"}}
{"logTime": "0801/074328", "correlationVector":"moWmWETt+4s4tExSvjfFqR.6","action":"GetUpdates Response", "result":"Success", "context":Received 250 update(s). cV=moWmWETt+4s4tExSvjfFqR.0;server=akswtt00200000b;cloudType=Consumer;environment=Prod_southeastasia_prod-s01-064-apac-southeastasia;migrationStage=NotStarted Some updates remain.}
{"logTime": "0801/074328", "correlationVector":"gvCW3OTxt372HzRSE+5HSA","action":"Initial GetUpdates", "result":"", "context":Reason: NEWLY_SUPPORTED_DATATYPE. cV=gvCW3OTxt372HzRSE+5HSA}
{"logTime": "0801/074329", "correlationVector":"gvCW3OTxt372HzRSE+5HSA.1","action":"SyncServerConnectionManagerRequest", "result":"SYNC_SERVER_OK", "context":{"environment":"Prod_southeastasia_prod-s01-064-apac-southeastasia", "migrationStage":"NotStarted", "server":"akswtt00200001k"}}
{"logTime": "0801/074329", "correlationVector":"gvCW3OTxt372HzRSE+5HSA.2","action":"ProcessGetUpdates", "result":"Done", "context":{"dataType":"Autofill", "deleted":"0", "process_failed_to_decrypt":"0", "process_pending_decryption":"0", "process_success":"115", "total":"115"}}
{"logTime": "0801/074329", "correlationVector":"gvCW3OTxt372HzRSE+5HSA.3","action":"ProcessGetUpdates", "result":"Done", "context":{"dataType":"Sessions", "deleted":"132", "process_failed_to_decrypt":"0", "process_pending_decryption":"0", "process_success":"132", "total":"132"}}
{"logTime": "0801/074329", "correlationVector":"gvCW3OTxt372HzRSE+5HSA.4","action":"ProcessGetUpdates", "result":"Done", "context":{"dataType":"Edge Hub App Usage", "deleted":"3", "process_failed_to_decrypt":"0", "process_pending_decryption":"0", "process_success":"3", "total":"3"}}
{"logTime": "0801/074329", "correlationVector":"gvCW3OTxt372HzRSE+5HSA.5","action":"GetUpdates Response", "result":"Success", "context":Received 250 update(s). cV=gvCW3OTxt372HzRSE+5HSA.0;server=akswtt00200001k;cloudType=Consumer;environment=Prod_southeastasia_prod-s01-064-apac-southeastasia;migrationStage=NotStarted Some updates remain.}
{"logTime": "0801/074329", "correlationVector":"pE843ZgULhAo4FgzlSgRXA","action":"Initial GetUpdates", "result":"", "context":Reason: NEWLY_SUPPORTED_DATATYPE. cV=pE843ZgULhAo4FgzlSgRXA}
{"logTime": "0801/074329", "correlationVector":"pE843ZgULhAo4FgzlSgRXA.1","action":"SyncServerConnectionManagerRequest", "result":"SYNC_SERVER_OK", "context":{"environment":"Prod_southeastasia_prod-s01-064-apac-southeastasia", "migrationStage":"NotStarted", "server":"akswtt002000003"}}
{"logTime": "0801/074329", "correlationVector":"pE843ZgULhAo4FgzlSgRXA.2","action":"ProcessGetUpdates", "result":"Done", "context":{"dataType":"Autofill", "deleted":"0", "process_failed_to_decrypt":"0", "process_pending_decryption":"0", "process_success":"25", "total":"25"}}
{"logTime": "0801/074329", "correlationVector":"pE843ZgULhAo4FgzlSgRXA.3","action":"ProcessGetUpdates", "result":"Done", "context":{"dataType":"Sessions", "deleted":"222", "process_failed_to_decrypt":"0", "process_pending_decryption":"0", "process_success":"222", "total":"222"}}
{"logTime": "0801/074329", "correlationVector":"pE843ZgULhAo4FgzlSgRXA.4","action":"ProcessGetUpdates", "result":"Done", "context":{"dataType":"Edge Hub App Usage", "deleted":"3", "process_failed_to_decrypt":"0", "process_pending_decryption":"0", "process_success":"3", "total":"3"}}
{"logTime": "0801/074329", "correlationVector":"pE843ZgULhAo4FgzlSgRXA.5","action":"GetUpdates Response", "result":"Success", "context":Received 250 update(s). cV=pE843ZgULhAo4FgzlSgRXA.0;server=akswtt002000003;cloudType=Consumer;environment=Prod_southeastasia_prod-s01-064-apac-southeastasia;migrationStage=NotStarted Some updates remain.}
{"logTime": "0801/074329", "correlationVector":"gVhOEb5XtvUP6o2z16lHXh","action":"Initial GetUpdates", "result":"", "context":Reason: NEWLY_SUPPORTED_DATATYPE. cV=gVhOEb5XtvUP6o2z16lHXh}
{"logTime": "0801/074330", "correlationVector":"gVhOEb5XtvUP6o2z16lHXh.1","action":"SyncServerConnectionManagerRequest", "result":"SYNC_SERVER_OK", "context":{"environment":"Prod_southeastasia_prod-s01-064-apac-southeastasia", "migrationStage":"NotStarted", "server":"akswtt00200001k"}}
{"logTime": "0801/074330", "correlationVector":"gVhOEb5XtvUP6o2z16lHXh.2","action":"ProcessGetUpdates", "result":"Done", "context":{"dataType":"Autofill Profiles", "deleted":"0", "process_failed_to_decrypt":"0", "process_pending_decryption":"0", "process_success":"1", "total":"1"}}
{"logTime": "0801/074330", "correlationVector":"gVhOEb5XtvUP6o2z16lHXh.3","action":"ProcessGetUpdates", "result":"Done", "context":{"dataType":"Autofill", "deleted":"0", "process_failed_to_decrypt":"0", "process_pending_decryption":"0", "process_success":"20", "total":"20"}}
{"logTime": "0801/074330", "correlationVector":"gVhOEb5XtvUP6o2z16lHXh.4","action":"ProcessGetUpdates", "result":"Done", "context":{"dataType":"Sessions", "deleted":"229", "process_failed_to_decrypt":"0", "process_pending_decryption":"0", "process_success":"229", "total":"229"}}
{"logTime": "0801/074330", "correlationVector":"gVhOEb5XtvUP6o2z16lHXh.5","action":"GetUpdates Response", "result":"Success", "context":Received 250 update(s). cV=gVhOEb5XtvUP6o2z16lHXh.0;server=akswtt00200001k;cloudType=Consumer;environment=Prod_southeastasia_prod-s01-064-apac-southeastasia;migrationStage=NotStarted Some updates remain.}
{"logTime": "0801/074330", "correlationVector":"tG6pQsQ+LX1vO+yzaObZrd","action":"Initial GetUpdates", "result":"", "context":Reason: NEWLY_SUPPORTED_DATATYPE. cV=tG6pQsQ+LX1vO+yzaObZrd}
{"logTime": "0801/074330", "correlationVector":"tG6pQsQ+LX1vO+yzaObZrd","action":"SyncServerConnectionManagerRequest", "result":"CONNECTION_UNAVAILABLE", "context":{"error_type":"net_error_code", "error_value":"-3"}}
